// Vitest Snapshot v1

exports[`LoadingComponent > Checking if component is rendered 1`] = `"<div class=\\"loader loader-md\\" data-v-9770a80b=\\"\\"></div>"`;

exports[`LoadingComponent > should render correctly 1`] = `"<div class=\\"loader loader-md\\" data-v-9770a80b=\\"\\"></div>"`;
